
Running 1 test using 1 worker

  Ô£ÿ  1 [chromium] ÔÇ║ tests\family-e2e.spec.ts:27:3 ÔÇ║ Feature: Family & Social - Multi-User Flow ÔÇ║ Should allow User1 to invite User2 to a family (0ms)


  1) [chromium] ÔÇ║ tests\family-e2e.spec.ts:27:3 ÔÇ║ Feature: Family & Social - Multi-User Flow ÔÇ║ Should allow User1 to invite User2 to a family 

    Error: browserType.launch: Executable doesn't exist at C:\Users\guico\AppData\Local\ms-playwright\chromium-1200\chrome-win64\chrome.exe
    ÔòöÔòÉÔòÉÔòÉÔòÉÔòÉÔòÉÔòÉÔòÉÔòÉÔòÉÔòÉÔòÉÔòÉÔòÉÔòÉÔòÉÔòÉÔòÉÔòÉÔòÉÔòÉÔòÉÔòÉÔòÉÔòÉÔòÉÔòÉÔòÉÔòÉÔòÉÔòÉÔòÉÔòÉÔòÉÔòÉÔòÉÔòÉÔòÉÔòÉÔòÉÔòÉÔòÉÔòÉÔòÉÔòÉÔòÉÔòÉÔòÉÔòÉÔòÉÔòÉÔòÉÔòÉÔòÉÔòÉÔòÉÔòÉÔòÉÔòÉÔòÉÔòÉÔòÉÔòÉÔòÉÔòÉÔòÉÔòÉÔòÉÔòÉÔòÉÔòÉÔòÉÔòÉÔòù
    Ôòæ Looks like Playwright Test or Playwright was just installed or updated. Ôòæ
    Ôòæ Please run the following command to download new browsers:              Ôòæ
    Ôòæ                                                                         Ôòæ
    Ôòæ     npx playwright install                                              Ôòæ
    Ôòæ                                                                         Ôòæ
    Ôòæ <3 Playwright Team                                                      Ôòæ
    ÔòÜÔòÉÔòÉÔòÉÔòÉÔòÉÔòÉÔòÉÔòÉÔòÉÔòÉÔòÉÔòÉÔòÉÔòÉÔòÉÔòÉÔòÉÔòÉÔòÉÔòÉÔòÉÔòÉÔòÉÔòÉÔòÉÔòÉÔòÉÔòÉÔòÉÔòÉÔòÉÔòÉÔòÉÔòÉÔòÉÔòÉÔòÉÔòÉÔòÉÔòÉÔòÉÔòÉÔòÉÔòÉÔòÉÔòÉÔòÉÔòÉÔòÉÔòÉÔòÉÔòÉÔòÉÔòÉÔòÉÔòÉÔòÉÔòÉÔòÉÔòÉÔòÉÔòÉÔòÉÔòÉÔòÉÔòÉÔòÉÔòÉÔòÉÔòÉÔòÉÔòÉÔòÉÔòØ

    TypeError: Cannot read properties of undefined (reading 'close')

      21 |
      22 |     test.afterAll(async () => {
    > 23 |         await contextOwner.close();
         |                            ^
      24 |         await contextJoiner.close();
      25 |     });
      26 |
        at C:\APPS - ANTIGRAVITY\FinanceHub\G-AI-FinanceHub\tests\family-e2e.spec.ts:23:28

  1 failed
    [chromium] ÔÇ║ tests\family-e2e.spec.ts:27:3 ÔÇ║ Feature: Family & Social - Multi-User Flow ÔÇ║ Should allow User1 to invite User2 to a family 
